[6wripy-n1.myshopify.com/collections/notebook.html]
[6wripy-n1.myshopify.com/cdn/shop/t/2/assets/favicon879b.png]
[cdn.jsdelivr.net/npm/jsbarcode@3.11.0/dist/JsBarcode.all.min.js]
[cdn.jsdelivr.net/gh/davidshimjs/qrcodejs@gh-pages/qrcode.min.js]
[code.jquery.com/jquery-3.6.4.min.js]
[cdnjs.cloudflare.com/ajax/libs/font-awesome/5.15.1/css/all.min.css]
[backblue.gif]
[fade.gif]
[index.html]
[code.jquery.com/jquery-3.6.0.min.js]
[cdn.jsdelivr.net/npm/slick-carousel@1.8.1/slick/slick.css]
[6wripy-n1.myshopify.com/collections/POST]
[6wripy-n1.myshopify.com/cdn/s/trekkie.storefront.7dd5a1f776e0762aa90f8d934b8ac8a05d3d42a2.min.js]
[6wripy-n1.myshopify.com/cdn/shopifycloud/shopify/assets/shop_events_listener-f55dd2979ec32029c7d9e0b454ab8b33f79c01ca039d17a6f5c9b95647564b19.js]
[6wripy-n1.myshopify.com/cdn/shopifycloud/perf-kit/shopify-perf-kit-1.6.1.min.js]
[cdn.jsdelivr.net/npm/slick-carousel@1.8.1/slick/slick.min.js]
[6wripy-n1.myshopify.com/collections/notebook.atom]
[6wripy-n1.myshopify.com/collections/notebook.oembed]
[6wripy-n1.myshopify.com/checkouts/internal/preloads4c33.js]
[cdn.shopify.com/shopifycloud/storefront-forms-hcaptcha/ce_storefront_forms_captcha_hcaptcha.v1.5.2.iife.js]
[6wripy-n1.myshopify.com/cdn/shopifycloud/shopify/assets/storefront/load_feature-c354cc1bc6f1fafc3e06e39f4fb0e1d9abdf763072ca394d606ca9f6f241e68a.js]
[6wripy-n1.myshopify.com/cdn/shopifycloud/portable-wallets/latest/portable-wallets.pt-br.js]
[6wripy-n1.myshopify.com/cdn/shopifycloud/portable-wallets/latest/accelerated-checkout-backwards-compat.css]
[6wripy-n1.myshopify.com/cdn/shop/t/2/assets/search3dcc.css]
[http2.mlstatic.com/frontend-assets/ml-web-navigation/ui-navigation/6.6.34/mercadolibre/logo-pt__large_25years.png]
[6wripy-n1.myshopify.com/collections/index.html]
[http2.mlstatic.com/frontend-assets/ml-web-navigation/ui-navigation/6.6.34/mercadolibre/logo-pt__small_25years.png]
[6wripy-n1.myshopify.com/collections/air-fryers.html]
[6wripy-n1.myshopify.com/collections/alexa.html]
[6wripy-n1.myshopify.com/collections/camas-e-colchoes.html]
[6wripy-n1.myshopify.com/collections/capacetes.html]
[6wripy-n1.myshopify.com/collections/celulares.html]
[6wripy-n1.myshopify.com/collections/decoracao.html]
[6wripy-n1.myshopify.com/collections/diversao.html]
[6wripy-n1.myshopify.com/collections/fogoes.html]
[6wripy-n1.myshopify.com/collections/geladeiras.html]
[6wripy-n1.myshopify.com/collections/guarda-roupas.html]
[6wripy-n1.myshopify.com/collections/itens-para-casa.html]
[6wripy-n1.myshopify.com/collections/maquinas-de-lavar.html]
[6wripy-n1.myshopify.com/collections/sala-de-jantar.html]
[6wripy-n1.myshopify.com/collections/micro-ondas.html]
[6wripy-n1.myshopify.com/collections/pneus.html]
[6wripy-n1.myshopify.com/collections/frontpage.html]
[6wripy-n1.myshopify.com/collections/televisoes.html]
[6wripy-n1.myshopify.com/collections/ventiladores.html]
[http2.mlstatic.com/frontend-assets/ml-web-navigation/ui-navigation/6.6.34/mercadolibre/logo-anniversary-banner.png]
[6wripy-n1.myshopify.com/collections/notebook.html]
[cdnjs.cloudflare.com/ajax/libs/font-awesome/5.15.1/css/all.min.css]
[cdn.jsdelivr.net/npm/slick-carousel@1.8.1/slick/slick.css]
[6wripy-n1.myshopify.com/collections/POST.html]
[6wripy-n1.myshopify.com/cdn/shopifycloud/portable-wallets/latest/accelerated-checkout-backwards-compat.css]
[http2.mlstatic.com/frontend-assets/ml-web-navigation/ui-navigation/6.6.34/mercadolibre/logo_large_25years.png]
[http2.mlstatic.com/frontend-assets/ml-web-navigation/ui-navigation/6.6.34/mercadolibre/accessibility.png]
[6wripy-n1.myshopify.com/cdn/shop/t/2/assets/_@andes/button/index]
[6wripy-n1.myshopify.com/cdn/shop/t/2/assets/_@andes/modal/index]
[6wripy-n1.myshopify.com/cdn/shop/t/2/assets/_@andes/modal/base]
[6wripy-n1.myshopify.com/cdn/shop/t/2/assets/_@andes/breadcrumb/index]
[6wripy-n1.myshopify.com/cdn/shop/t/2/assets/_@andes/dropdown/base]
[6wripy-n1.myshopify.com/cdn/shop/t/2/assets/_@andes/dropdown/index]
[6wripy-n1.myshopify.com/cdn/shop/t/2/assets/_@andes/list/index]
[6wripy-n1.myshopify.com/cdn/shop/t/2/assets/_@andes/dropdown/lib/styles/standalone/size/small]
[http2.mlstatic.com/frontend-assets/ml-web-navigation/ui-navigation/6.6.37/mercadolibre/logo__small_25years.png]
[http2.mlstatic.com/frontend-assets/ml-web-navigation/ui-navigation/6.6.37/mercadolibre/logo-pt__small_25years.png]
[http2.mlstatic.com/frontend-assets/ml-web-navigation/ui-navigation/6.6.37/mercadolibre/49x64-download-icon.png]
[http2.mlstatic.com/frontend-assets/ml-web-navigation/ui-navigation/6.6.37/mercadolibre/97x127-download-icon@2x.png]
[http2.mlstatic.com/frontend-assets/ml-web-navigation/ui-navigation/6.6.37/mercadolibre/logo-anniversary-banner.png]
[http2.mlstatic.com/frontend-assets/ml-web-navigation/ui-navigation/6.6.37/mercadolibre/accessibility.png]
[6wripy-n1.myshopify.com/cdn/shop/t/2/assets/_@andes/pagination/index]
[6wripy-n1.myshopify.com/cdn/shop/t/2/assets/_@andes/tag/index]
[6wripy-n1.myshopify.com/cdn/shop/t/2/assets/_@andes/snackbar/index]
[6wripy-n1.myshopify.com/cdn/shop/t/2/assets/_@andes/bottom-sheet/index]
[6wripy-n1.myshopify.com/cdn/shop/t/2/assets/_@andes/radio-button/index]
[6wripy-n1.myshopify.com/cdn/shop/t/2/assets/_@andes/search-box/index]
[6wripy-n1.myshopify.com/cdn/shop/t/2/assets/_@andes/money-amount/index]
[6wripy-n1.myshopify.com/cdn/shop/t/2/assets/_@andes/tooltip/index]
[6wripy-n1.myshopify.com/cdn/shop/t/2/assets/_@andes/badge/index]
[6wripy-n1.myshopify.com/cdn/shop/t/2/assets/_@andes/badge/lib/styles/modifier/notification]
[6wripy-n1.myshopify.com/cdn/shop/t/2/assets/_ui-library_ml/src/components/carousel-draggable/styles/draggable]
[6wripy-n1.myshopify.com/cdn/shop/t/2/assets/_ui-library_ml/src/components/carousel/styles/paged]
[6wripy-n1.myshopify.com/cdn/shop/t/2/assets/@ui-components-web/ml-compats/src/styles/mobile]
[6wripy-n1.myshopify.com/cdn/shop/t/2/assets/_cpg-nordic/src/styles/cpg.mobile]
[6wripy-n1.myshopify.com/cdn/shop/t/2/assets/_@andes/progress-indicator-circular/index]
[6wripy-n1.myshopify.com/cdn/shop/t/2/assets/_@andes/progress-indicator-linear/index]
[6wripy-n1.myshopify.com/cdn/shop/t/2/assets/_@andes/message/index]
[6wripy-n1.myshopify.com/cdn/shop/t/2/assets/_@andes/message/lib/styles/neutral]
[6wripy-n1.myshopify.com/cdn/shop/t/2/assets/_@andes/coach-marks/index]
[6wripy-n1.myshopify.com/cdn/shop/t/2/assets/_@andes/form/index]
[6wripy-n1.myshopify.com/cdn/shop/t/2/assets/_@andes/textfield/index]
[6wripy-n1.myshopify.com/cdn/shop/t/2/assets/_@andes/carousel-snapped/index]
[6wripy-n1.myshopify.com/cdn/shop/t/2/assets/_@andes/switch/index]
[6wripy-n1.myshopify.com/cdn/shop/t/2/assets/_@andes/input-stepper/base]
[6wripy-n1.myshopify.com/cdn/shop/t/2/assets/_@andes/input-stepper/lib/styles/size/small]
[6wripy-n1.myshopify.com/cdn/shop/t/2/assets/_@andes/common/lib/styles/visually-hidden]
[6wripy-n1.myshopify.com/cdn/shop/t/2/assets/_@andes/progress-indicator-linear/base]
[6wripy-n1.myshopify.com/cdn/shop/t/2/assets/_@andes/technical-error/index]
[6wripy-n1.myshopify.com/cdn/shop/t/2/assets/_@andes/carousel-free/index]
[6wripy-n1.myshopify.com/cdn/shop/t/2/assets/_@andes/thumbnail/index]
[6wripy-n1.myshopify.com/cdn/shop/t/2/assets/_@seo-frontend-components/card-blog-carousel-mobile/index]
[6wripy-n1.myshopify.com/cdn/shop/t/2/assets/_@seo-frontend-components/card-blog-entry/index]
[6wripy-n1.myshopify.com/cdn/shop/t/2/assets/search3dcc.css]
[6wripy-n1.myshopify.com/collections/index.html]
[6wripy-n1.myshopify.com/collections/air-fryers.atom]
[6wripy-n1.myshopify.com/collections/air-fryers.oembed]
[6wripy-n1.myshopify.com/collections/air-fryers.html]
[6wripy-n1.myshopify.com/collections/alexa.atom]
[6wripy-n1.myshopify.com/collections/alexa.oembed]
[6wripy-n1.myshopify.com/collections/alexa.html]
[6wripy-n1.myshopify.com/collections/camas-e-colchoes.atom]
[6wripy-n1.myshopify.com/collections/camas-e-colchoes.oembed]
[6wripy-n1.myshopify.com/collections/camas-e-colchoes.html]
[6wripy-n1.myshopify.com/collections/capacetes.atom]
[6wripy-n1.myshopify.com/collections/capacetes.oembed]
[6wripy-n1.myshopify.com/collections/capacetes.html]
[6wripy-n1.myshopify.com/collections/celulares.atom]
[6wripy-n1.myshopify.com/collections/celulares.oembed]
[6wripy-n1.myshopify.com/collections/celulares.html]
[6wripy-n1.myshopify.com/collections/decoracao.atom]
[6wripy-n1.myshopify.com/collections/decoracao.oembed]
[6wripy-n1.myshopify.com/collections/decoracao.html]
[6wripy-n1.myshopify.com/collections/diversao.atom]
[6wripy-n1.myshopify.com/collections/diversao.oembed]
[6wripy-n1.myshopify.com/collections/diversao.html]
[6wripy-n1.myshopify.com/collections/fogoes.atom]
[6wripy-n1.myshopify.com/collections/fogoes.oembed]
[6wripy-n1.myshopify.com/collections/fogoes.html]
[6wripy-n1.myshopify.com/collections/geladeiras.atom]
[6wripy-n1.myshopify.com/collections/geladeiras.oembed]
[6wripy-n1.myshopify.com/collections/geladeiras.html]
[6wripy-n1.myshopify.com/collections/guarda-roupas.atom]
[6wripy-n1.myshopify.com/collections/guarda-roupas.oembed]
[6wripy-n1.myshopify.com/collections/guarda-roupas.html]
[6wripy-n1.myshopify.com/collections/itens-para-casa.atom]
[6wripy-n1.myshopify.com/collections/itens-para-casa.oembed]
[6wripy-n1.myshopify.com/collections/itens-para-casa.html]
[6wripy-n1.myshopify.com/collections/maquinas-de-lavar.atom]
[6wripy-n1.myshopify.com/collections/maquinas-de-lavar.oembed]
[6wripy-n1.myshopify.com/collections/maquinas-de-lavar.html]
[6wripy-n1.myshopify.com/collections/sala-de-jantar.atom]
[6wripy-n1.myshopify.com/collections/sala-de-jantar.oembed]
[6wripy-n1.myshopify.com/cdn/shop/files/D_NQ_NP_2X_700644-MLU73213825807_122023-F-123_large9a76.jpg]
[6wripy-n1.myshopify.com/cdn/shop/files/D_NQ_NP_2X_700644-MLU73213825807_122023-F-123_medium9a76.jpg]
[6wripy-n1.myshopify.com/collections/sala-de-jantar.html]
[6wripy-n1.myshopify.com/collections/micro-ondas.atom]
[6wripy-n1.myshopify.com/collections/micro-ondas.oembed]
[6wripy-n1.myshopify.com/collections/micro-ondas.html]
[6wripy-n1.myshopify.com/collections/pneus.atom]
[6wripy-n1.myshopify.com/collections/pneus.oembed]
[6wripy-n1.myshopify.com/collections/pneus.html]
[6wripy-n1.myshopify.com/collections/frontpage.atom]
[6wripy-n1.myshopify.com/collections/frontpage.oembed]
[6wripy-n1.myshopify.com/collections/frontpage.html]
[6wripy-n1.myshopify.com/collections/televisoes.atom]
[6wripy-n1.myshopify.com/collections/televisoes.oembed]
[6wripy-n1.myshopify.com/collections/televisoes.html]
[6wripy-n1.myshopify.com/collections/ventiladores.atom]
[6wripy-n1.myshopify.com/collections/ventiladores.oembed]
[6wripy-n1.myshopify.com/collections/ventiladores.html]
[6wripy-n1.myshopify.com/cdn/shop/t/2/assets/_@andes/button/index.html]
[6wripy-n1.myshopify.com/cdn/shop/t/2/assets/_@andes/modal/index.html]
[6wripy-n1.myshopify.com/cdn/shop/t/2/assets/_@andes/modal/base.html]
[6wripy-n1.myshopify.com/cdn/shop/t/2/assets/_@andes/breadcrumb/index.html]
[6wripy-n1.myshopify.com/cdn/shop/t/2/assets/_@andes/dropdown/base.html]
[6wripy-n1.myshopify.com/cdn/shop/t/2/assets/_@andes/dropdown/index.html]
[6wripy-n1.myshopify.com/cdn/shop/t/2/assets/_@andes/list/index.html]
[6wripy-n1.myshopify.com/cdn/shop/t/2/assets/_@andes/dropdown/lib/styles/standalone/size/small.html]
[6wripy-n1.myshopify.com/cdn/shop/t/2/assets/_@andes/pagination/index.html]
[6wripy-n1.myshopify.com/cdn/shop/t/2/assets/_@andes/tag/index.html]
[6wripy-n1.myshopify.com/cdn/shop/t/2/assets/_@andes/snackbar/index.html]
[6wripy-n1.myshopify.com/cdn/shop/t/2/assets/_@andes/bottom-sheet/index.html]
[6wripy-n1.myshopify.com/cdn/shop/t/2/assets/_@andes/radio-button/index.html]
[6wripy-n1.myshopify.com/cdn/shop/t/2/assets/_@andes/search-box/index.html]
[6wripy-n1.myshopify.com/cdn/shop/t/2/assets/_@andes/money-amount/index.html]
[6wripy-n1.myshopify.com/cdn/shop/t/2/assets/_@andes/tooltip/index.html]
[6wripy-n1.myshopify.com/cdn/shop/t/2/assets/_@andes/badge/index.html]
[6wripy-n1.myshopify.com/cdn/shop/t/2/assets/_@andes/badge/lib/styles/modifier/notification.html]
[6wripy-n1.myshopify.com/cdn/shop/t/2/assets/_ui-library_ml/src/components/carousel-draggable/styles/draggable.html]
[6wripy-n1.myshopify.com/cdn/shop/t/2/assets/_ui-library_ml/src/components/carousel/styles/paged.html]
[6wripy-n1.myshopify.com/cdn/shop/t/2/assets/@ui-components-web/ml-compats/src/styles/mobile.html]
[6wripy-n1.myshopify.com/cdn/shop/t/2/assets/_cpg-nordic/src/styles/cpg.html]
[6wripy-n1.myshopify.com/cdn/shop/t/2/assets/_@andes/progress-indicator-circular/index.html]
[6wripy-n1.myshopify.com/cdn/shop/t/2/assets/_@andes/progress-indicator-linear/index.html]
[6wripy-n1.myshopify.com/cdn/shop/t/2/assets/_@andes/message/index.html]
[6wripy-n1.myshopify.com/cdn/shop/t/2/assets/_@andes/message/lib/styles/neutral.html]
[6wripy-n1.myshopify.com/cdn/shop/t/2/assets/_@andes/coach-marks/index.html]
[6wripy-n1.myshopify.com/cdn/shop/t/2/assets/_@andes/form/index.html]
[6wripy-n1.myshopify.com/cdn/shop/t/2/assets/_@andes/textfield/index.html]
[6wripy-n1.myshopify.com/cdn/shop/t/2/assets/_@andes/carousel-snapped/index.html]
[6wripy-n1.myshopify.com/cdn/shop/t/2/assets/_@andes/switch/index.html]
[6wripy-n1.myshopify.com/cdn/shop/t/2/assets/_@andes/input-stepper/base.html]
[6wripy-n1.myshopify.com/cdn/shop/t/2/assets/_@andes/input-stepper/lib/styles/size/small.html]
[6wripy-n1.myshopify.com/cdn/shop/t/2/assets/_@andes/common/lib/styles/visually-hidden.html]
[6wripy-n1.myshopify.com/cdn/shop/t/2/assets/_@andes/progress-indicator-linear/base.html]
[6wripy-n1.myshopify.com/cdn/shop/t/2/assets/_@andes/technical-error/index.html]
[6wripy-n1.myshopify.com/cdn/shop/t/2/assets/_@andes/carousel-free/index.html]
[6wripy-n1.myshopify.com/cdn/shop/t/2/assets/_@andes/thumbnail/index.html]
[6wripy-n1.myshopify.com/cdn/shop/t/2/assets/_@seo-frontend-components/card-blog-carousel-mobile/index.html]
[6wripy-n1.myshopify.com/cdn/shop/t/2/assets/_@seo-frontend-components/card-blog-entry/index.html]
