[6wripy-n1.myshopify.com/pages/inicio.html]
[6wripy-n1.myshopify.com/cdn/shop/t/2/assets/favicon879b.png]
[cdn.jsdelivr.net/npm/jsbarcode@3.11.0/dist/JsBarcode.all.min.js]
[cdn.jsdelivr.net/gh/davidshimjs/qrcodejs@gh-pages/qrcode.min.js]
[code.jquery.com/jquery-3.6.4.min.js]
[cdnjs.cloudflare.com/ajax/libs/font-awesome/5.15.1/css/all.min.css]
[backblue.gif]
[fade.gif]
[index.html]
[code.jquery.com/jquery-3.6.0.min.js]
[cdn.jsdelivr.net/npm/slick-carousel@1.8.1/slick/slick.css]
[6wripy-n1.myshopify.com/pages/POST]
[6wripy-n1.myshopify.com/cdn/s/trekkie.storefront.7dd5a1f776e0762aa90f8d934b8ac8a05d3d42a2.min.js]
[6wripy-n1.myshopify.com/cdn/shopifycloud/shopify/assets/shop_events_listener-f55dd2979ec32029c7d9e0b454ab8b33f79c01ca039d17a6f5c9b95647564b19.js]
[6wripy-n1.myshopify.com/cdn/shopifycloud/perf-kit/shopify-perf-kit-1.6.1.min.js]
[cdn.jsdelivr.net/npm/slick-carousel@1.8.1/slick/slick.min.js]
[6wripy-n1.myshopify.com/checkouts/internal/preloads4c33.js]
[cdn.shopify.com/shopifycloud/storefront-forms-hcaptcha/ce_storefront_forms_captcha_hcaptcha.v1.5.2.iife.js]
[6wripy-n1.myshopify.com/cdn/shopifycloud/shopify/assets/storefront/load_feature-c354cc1bc6f1fafc3e06e39f4fb0e1d9abdf763072ca394d606ca9f6f241e68a.js]
[6wripy-n1.myshopify.com/cdn/shopifycloud/portable-wallets/latest/portable-wallets.pt-br.js]
[6wripy-n1.myshopify.com/cdn/shopifycloud/portable-wallets/latest/accelerated-checkout-backwards-compat.css]
[6wripy-n1.myshopify.com/cdn/shop/t/2/assets/inicio-mobile3c11.css]
[6wripy-n1.myshopify.com/cdn/shop/t/2/assets/inicio-desktop7a6a.css]
[http2.mlstatic.com/frontend-assets/ml-web-navigation/ui-navigation/6.6.34/mercadolibre/logo-pt__large_25years.png]
[http2.mlstatic.com/storage/splinter-admin/o_f_webp,q_auto_best/1711650124829-novodesktophome-mainslider-2.jpg]
[6wripy-n1.myshopify.com/pages/aaa]
[http2.mlstatic.com/D_820843-MLU74087764481_012024-I.jpg]
[http2.mlstatic.com/D_878666-MLU71963854570_092023-I.jpg]
[http2.mlstatic.com/D_830799-MLU74134570456_012024-I.jpg]
[http2.mlstatic.com/D_782008-MLA48243381807_112021-I.jpg]
[http2.mlstatic.com/D_609605-MLU75402110653_032024-I.jpg]
[http2.mlstatic.com/D_721940-MLB72530602300_102023-I.jpg]
[http2.mlstatic.com/D_855754-MLB73397799257_122023-I.jpg]
[http2.mlstatic.com/D_622058-MLB74953843811_032024-I.jpg]
[http2.mlstatic.com/D_679234-MLA48678146926_122021-I.jpg]
[http2.mlstatic.com/D_720431-MLU73460621022_122023-I.jpg]
[http2.mlstatic.com/D_840457-MLU73592507440_122023-I.jpg]
[http2.mlstatic.com/D_683626-MLU72247438400_102023-I.jpg]
[http2.mlstatic.com/D_NQ_600976-MLA73661526120_012024-OO.jpg]
[http2.mlstatic.com/D_NQ_903547-MLA84000097663_042025-F.jpg]
[http2.mlstatic.com/frontend-assets/ml-web-navigation/ui-navigation/6.6.34/mercadolibre/logo-pt__small_25years.png]
[http2.mlstatic.com/storage/splinter-admin/o_f_webp,q_auto_low/1711649930261-mobilehome-mainslider-2024-03-28t151702.099.jpg]
[http2.mlstatic.com/storage/splinter-admin/o_f_webp,q_auto_low/1711650449850-mobilehome-mainslider-2024-03-28t152722.770.jpg]
[http2.mlstatic.com/storage/splinter-admin/o_f_webp,q_auto_low/1711663038443-mobilehome-mainslider-13.jpg]
[carrefourbr.vtexassets.com/arquivos/ids/167094385/geladeira-brastemp-frost-free-duplex-a----463-litros-branca-com-fresh-box-e-cold-room-110v-18eef.jpg]
[http2.mlstatic.com/D_NQ_600976-MLA73661526120_012024-F.jpg]
[http2.mlstatic.com/D_NQ_982392-MLA75568112760_042024-F.jpg]
[http2.mlstatic.com/frontend-assets/ml-web-navigation/ui-navigation/6.6.34/mercadolibre/logo-anniversary-banner.png]
[6wripy-n1.myshopify.com/pages/verificar]
[6wripy-n1.myshopify.com/pages/inicio.html]
[cdnjs.cloudflare.com/ajax/libs/font-awesome/5.15.1/css/all.min.css]
[cdn.jsdelivr.net/npm/slick-carousel@1.8.1/slick/slick.css]
[6wripy-n1.myshopify.com/pages/POST.html]
[6wripy-n1.myshopify.com/cdn/shopifycloud/portable-wallets/latest/accelerated-checkout-backwards-compat.css]
[6wripy-n1.myshopify.com/cdn/shop/t/2/assets/inicio-mobile3c11.css]
[6wripy-n1.myshopify.com/cdn/shop/t/2/assets/inicio-desktop7a6a.css]
[6wripy-n1.myshopify.com/pages/aaa.html]
[6wripy-n1.myshopify.com/pages/verificar.html]
